[INFO] Scanning for projects...
[INFO] 
[INFO] ---------------< com.attendance:attendance-event-system >---------------
[INFO] Building attendance-event-system 0.0.1-SNAPSHOT
[INFO]   from pom.xml
[INFO] --------------------------------[ jar ]---------------------------------
[INFO] 
[INFO] >>> spring-boot:3.2.5:run (default-cli) > test-compile @ attendance-event-system >>>
[INFO] 
[INFO] --- resources:3.3.1:resources (default-resources) @ attendance-event-system ---
[INFO] Copying 1 resource from src\main\resources to target\classes
[INFO] Copying 4 resources from src\main\resources to target\classes
[INFO] 
[INFO] --- compiler:3.11.0:compile (default-compile) @ attendance-event-system ---
[INFO] Nothing to compile - all classes are up to date
[INFO] 
[INFO] --- resources:3.3.1:testResources (default-testResources) @ attendance-event-system ---
[INFO] skip non existing resourceDirectory c:\Users\User\Desktop\attendance-and-event-monitoring-system\src\test\resources
[INFO] 
[INFO] --- compiler:3.11.0:testCompile (default-testCompile) @ attendance-event-system ---
[INFO] No sources to compile
[INFO] 
[INFO] <<< spring-boot:3.2.5:run (default-cli) < test-compile @ attendance-event-system <<<
[INFO] 
[INFO] 
[INFO] --- spring-boot:3.2.5:run (default-cli) @ attendance-event-system ---
[INFO] Attaching agents: []

  .   ____          _            __ _ _
 /\\ / ___'_ __ _ _(_)_ __  __ _ \ \ \ \
( ( )\___ | '_ | '_| | '_ \/ _` | \ \ \ \
 \\/  ___)| |_)| | | | | || (_| |  ) ) ) )
  '  |____| .__|_| |_|_| |_\__, | / / / /
 =========|_|==============|___/=/_/_/_/
 :: Spring Boot ::                (v3.2.5)

2026-05-31T01:51:55.399+05:30  INFO 9236 --- [attendance-event-system] [           main] com.attendance.EventSystemApplication    : Starting EventSystemApplication using Java 24.0.1 with PID 9236 (C:\Users\User\Desktop\attendance-and-event-monitoring-system\target\classes started by User in c:\Users\User\Desktop\attendance-and-event-monitoring-system)
2026-05-31T01:51:55.401+05:30  INFO 9236 --- [attendance-event-system] [           main] com.attendance.EventSystemApplication    : No active profile set, falling back to 1 default profile: "default"
2026-05-31T01:51:55.970+05:30  INFO 9236 --- [attendance-event-system] [           main] .s.d.r.c.RepositoryConfigurationDelegate : Bootstrapping Spring Data JPA repositories in DEFAULT mode.
2026-05-31T01:51:56.023+05:30  INFO 9236 --- [attendance-event-system] [           main] .s.d.r.c.RepositoryConfigurationDelegate : Finished Spring Data repository scanning in 47 ms. Found 3 JPA repository interfaces.
WARNING: A restricted method in java.lang.System has been called
WARNING: java.lang.System::load has been called by org.apache.tomcat.jni.Library in an unnamed module (file:/C:/Users/User/.m2/repository/org/apache/tomcat/embed/tomcat-embed-core/10.1.20/tomcat-embed-core-10.1.20.jar)
WARNING: Use --enable-native-access=ALL-UNNAMED to avoid a warning for callers in this module
WARNING: Restricted methods will be blocked in a future release unless native access is enabled

2026-05-31T01:51:56.462+05:30  INFO 9236 --- [attendance-event-system] [           main] o.s.b.w.embedded.tomcat.TomcatWebServer  : Tomcat initialized with port 8080 (http)
2026-05-31T01:51:56.473+05:30  INFO 9236 --- [attendance-event-system] [           main] o.apache.catalina.core.StandardService   : Starting service [Tomcat]
2026-05-31T01:51:56.474+05:30  INFO 9236 --- [attendance-event-system] [           main] o.apache.catalina.core.StandardEngine    : Starting Servlet engine: [Apache Tomcat/10.1.20]
2026-05-31T01:51:56.523+05:30  INFO 9236 --- [attendance-event-system] [           main] o.a.c.c.C.[Tomcat].[localhost].[/]       : Initializing Spring embedded WebApplicationContext
2026-05-31T01:51:56.523+05:30  INFO 9236 --- [attendance-event-system] [           main] w.s.c.ServletWebServerApplicationContext : Root WebApplicationContext: initialization completed in 1064 ms
2026-05-31T01:51:56.657+05:30  INFO 9236 --- [attendance-event-system] [           main] o.hibernate.jpa.internal.util.LogHelper  : HHH000204: Processing PersistenceUnitInfo [name: default]
2026-05-31T01:51:56.702+05:30  INFO 9236 --- [attendance-event-system] [           main] org.hibernate.Version                    : HHH000412: Hibernate ORM core version 6.4.4.Final
2026-05-31T01:51:56.723+05:30  INFO 9236 --- [attendance-event-system] [           main] o.h.c.internal.RegionFactoryInitiator    : HHH000026: Second-level cache disabled
2026-05-31T01:51:56.896+05:30  INFO 9236 --- [attendance-event-system] [           main] o.s.o.j.p.SpringPersistenceUnitInfo      : No LoadTimeWeaver setup: ignoring JPA class transformer
2026-05-31T01:51:56.913+05:30  INFO 9236 --- [attendance-event-system] [           main] com.zaxxer.hikari.HikariDataSource       : HikariPool-1 - Starting...
2026-05-31T01:51:57.041+05:30  INFO 9236 --- [attendance-event-system] [           main] com.zaxxer.hikari.pool.HikariPool        : HikariPool-1 - Added connection com.mysql.cj.jdbc.ConnectionImpl@42cf6349
2026-05-31T01:51:57.042+05:30  INFO 9236 --- [attendance-event-system] [           main] com.zaxxer.hikari.HikariDataSource       : HikariPool-1 - Start completed.
2026-05-31T01:51:57.103+05:30  WARN 9236 --- [attendance-event-system] [           main] org.hibernate.orm.deprecation            : HHH90000025: MySQLDialect does not need to be specified explicitly using 'hibernate.dialect' (remove the property setting and it will be selected by default)
2026-05-31T01:51:57.808+05:30  INFO 9236 --- [attendance-event-system] [           main] o.h.e.t.j.p.i.JtaPlatformInitiator       : HHH000489: No JTA platform available (set 'hibernate.transaction.jta.platform' to enable JTA platform integration)
2026-05-31T01:51:57.861+05:30  INFO 9236 --- [attendance-event-system] [           main] j.LocalContainerEntityManagerFactoryBean : Initialized JPA EntityManagerFactory for persistence unit 'default'
2026-05-31T01:51:58.153+05:30  WARN 9236 --- [attendance-event-system] [           main] JpaBaseConfiguration$JpaWebConfiguration : spring.jpa.open-in-view is enabled by default. Therefore, database queries may be performed during view rendering. Explicitly configure spring.jpa.open-in-view to disable this warning
2026-05-31T01:51:58.168+05:30  INFO 9236 --- [attendance-event-system] [           main] o.s.b.a.w.s.WelcomePageHandlerMapping    : Adding welcome page: class path resource [static/index.html]
2026-05-31T01:51:58.405+05:30  INFO 9236 --- [attendance-event-system] [           main] o.s.b.w.embedded.tomcat.TomcatWebServer  : Tomcat started on port 8080 (http) with context path ''
2026-05-31T01:51:58.412+05:30  INFO 9236 --- [attendance-event-system] [           main] com.attendance.EventSystemApplication    : Started EventSystemApplication in 3.372 seconds (process running for 3.663)
[INFO] ------------------------------------------------------------------------
[INFO] BUILD FAILURE
[INFO] ------------------------------------------------------------------------
[INFO] Total time:  59.730 s
[INFO] Finished at: 2026-05-31T01:52:52+05:30
[INFO] ------------------------------------------------------------------------
[ERROR] Failed to execute goal org.springframework.boot:spring-boot-maven-plugin:3.2.5:run (default-cli) on project attendance-event-system: Process terminated with exit code: 1 -> [Help 1]
[ERROR] 
[ERROR] To see the full stack trace of the errors, re-run Maven with the -e switch.
[ERROR] Re-run Maven using the -X switch to enable full debug logging.
[ERROR] 
[ERROR] For more information about the errors and possible solutions, please read the following articles:
[ERROR] [Help 1] http://cwiki.apache.org/confluence/display/MAVEN/MojoExecutionException
